[36mvite v8.0.1 [32mbuilding client environment for production...[36m[39m
[2K
transforming...笨・297 modules transformed.
